"""This function divide a matrix for a number"""
>>> matrix_divided = __import__('2-matrix_divided').matrix_divided
>>> matrix_divided([[3]], 3)
[[1.0]]
>>> matrix_divided([[3]], 0)
Traceback (most recent call last):
    ...
ZeroDivisionError: division by zero
>>> matrix_divided([[3]], "a")
Traceback (most recent call last):
    ...
TypeError: div must be a number
>>> matrix_divided([[3, 1], [1]], 3)
Traceback (most recent call last):
    ...
TypeError: Each row of the matrix must have the same size
>>> matrix_divided([[3, "9"], [15, 3]], 3)
Traceback (most recent call last):
...
TypeError: matrix must be a matrix (list of lists) of integers/floats
>>> matrix_divided([[9, 8], [5, 1]], float('inf'))
...
[[0.0, 0.0], [0.0, 0.0]]
>>> matrix_divided([[10], []], 4)
Traceback (most recent call last):
...
TypeError: Each row of the matrix must have the same size

