>>> text_indentation = __import__('5-text_indentation').text_indentation

>>> text_indentation("Hola, como estas")
Hola, como estas

>>> text_indentation(9)
Traceback (most recent call last):
...
TypeError: text must be a string

>>> text_indentation("")
Traceback (most recent call last):
...
TypeError: text must be a string

>>> text_indentation(None)
Traceback (most recent call last):
...
TypeError: text must be a string

